// Jest Snapshot v1, https://goo.gl/fbAQLP

exports[`Testing <App/> User have rendered correctly 1`] = `
<div
  className="wrapper"
>
  <div
    className="loader"
  >
    Loading...
  </div>
</div>
`;
